
> web@0.1.0 build
> next build

▲ Next.js 16.3.8 (Turbopack)
✓ Running next.config.ts took 540ms

  Creating an optimized production build ...
✓ Compiled successfully in 21.6s
  Running TypeScript ...
  Finished TypeScript in 4.8s ...
  Collecting page data using 1 worker ...
  Generating static pages using 1 worker (0/6) ...
  Generating static pages using 1 worker (1/6) 
  Generating static pages using 1 worker (2/6) 
  Generating static pages using 1 worker (4/6) 
✓ Generating static pages using 1 worker (6/6) in 409ms
  Finalizing page optimization ...

Route (app)
┌ ○ /
├ ○ /_not-found
├ ○ /audit
├ ○ /login
└ ○ /visit/join


○  (Static)  prerendered as static content

